Scanned profile received successfully with response: 1280
 Encoder: 0
Scanned profile received successfully with response: 1280
 Encoder: 0
Scanned profile received successfully with response: 1280
 Encoder: 0
Scanned profile received successfully with response: 1280
 Encoder: 0
Scanned profile received successfully with response: 1280
 Encoder: 0
Scanned profile received successfully with response: 1280
 Encoder: 0
Scanned profile received successfully with response: 1280
 Encoder: 0
Scanned profile received successfully with response: 1280
 Encoder: 0
Scanned profile received successfully with response: 1280
 Encoder: 0
Scanned profile received successfully with response: 1280
 Encoder: 0
Scanned profile received successfully with response: 1280
 Encoder: 0
Scanned profile received successfully with response: 1280
 Encoder: 0
Scanned profile received successfully with response: 1280
 Encoder: 0
Scanned profile received successfully with response: 1280
 Encoder: 0
Scanned profile received successfully with response: 1280
 Encoder: 0
Scanned profile received successfully with response: 1280
 Encoder: 0
Scanned profile received successfully with response: 1280
 Encoder: 0
Scanned profile received successfully with response: 1280
 Encoder: 0
Scanned profile received successfully with response: 1280
 Encoder: -1
Scanned profile received successfully with response: 1280
 Encoder: 0
Scanned profile received successfully with response: 1280
 Encoder: -1
Scanned profile received successfully with response: 1280
 Encoder: 0
Scanned profile received successfully with response: 1280
 Encoder: -1
Scanned profile received successfully with response: 1280
 Encoder: 0
Scanned profile received successfully with response: 1280
 Encoder: -1
Scanned profile received successfully with response: 1280
 Encoder: 0
Scanned profile received successfully with response: 1280
 Encoder: -1
Scanned profile received successfully with response: 1280
 Encoder: -2
Scanned profile received successfully with response: 1280
 Encoder: -3
Scanned profile received successfully with response: 1280
 Encoder: -4
Scanned profile received successfully with response: 1280
 Encoder: -5
Scanned profile received successfully with response: 1280
 Encoder: -6
Scanned profile received successfully with response: 1280
 Encoder: -7
Scanned profile received successfully with response: 1280
 Encoder: -8
Scanned profile received successfully with response: 1280
 Encoder: -9
Scanned profile received successfully with response: 1280
 Encoder: -10
Scanned profile received successfully with response: 1280
 Encoder: -11
Scanned profile received successfully with response: 1280
 Encoder: -12
Scanned profile received successfully with response: 1280
 Encoder: -13
Scanned profile received successfully with response: 1280
 Encoder: -14
Scanned profile received successfully with response: 1280
 Encoder: -15
Scanned profile received successfully with response: 1280
 Encoder: -16
Scanned profile received successfully with response: 1280
 Encoder: -17
Scanned profile received successfully with response: 1280
 Encoder: -18
Scanned profile received successfully with response: 1280
 Encoder: -19
Scanned profile received successfully with response: 1280
 Encoder: -21
Scanned profile received successfully with response: 1280
 Encoder: -22
Scanned profile received successfully with response: 1280
 Encoder: -24
Scanned profile received successfully with response: 1280
 Encoder: -26
Scanned profile received successfully with response: 1280
 Encoder: -28
Scanned profile received successfully with response: 1280
 Encoder: -30
Scanned profile received successfully with response: 1280
 Encoder: -32
Scanned profile received successfully with response: 1280
 Encoder: -34
Scanned profile received successfully with response: 1280
 Encoder: -37
Scanned profile received successfully with response: 1280
 Encoder: -40
Scanned profile received successfully with response: 1280
 Encoder: -42
Scanned profile received successfully with response: 1280
 Encoder: -45
Scanned profile received successfully with response: 1280
 Encoder: -48
Scanned profile received successfully with response: 1280
 Encoder: -51
Scanned profile received successfully with response: 1280
 Encoder: -54
Scanned profile received successfully with response: 1280
 Encoder: -57
Scanned profile received successfully with response: 1280
 Encoder: -60
Scanned profile received successfully with response: 1280
 Encoder: -63
Scanned profile received successfully with response: 1280
 Encoder: -67
Scanned profile received successfully with response: 1280
 Encoder: -70
Scanned profile received successfully with response: 1280
 Encoder: -73
Scanned profile received successfully with response: 1280
 Encoder: -77
Scanned profile received successfully with response: 1280
 Encoder: -80
Scanned profile received successfully with response: 1280
 Encoder: -83
Scanned profile received successfully with response: 1280
 Encoder: -87
Scanned profile received successfully with response: 1280
 Encoder: -92
Scanned profile received successfully with response: 1280
 Encoder: -97
Scanned profile received successfully with response: 1280
 Encoder: -103
Scanned profile received successfully with response: 1280
 Encoder: -108
Scanned profile received successfully with response: 1280
 Encoder: -114
Scanned profile received successfully with response: 1280
 Encoder: -120
Scanned profile received successfully with response: 1280
 Encoder: -125
Scanned profile received successfully with response: 1280
 Encoder: -132
Scanned profile received successfully with response: 1280
 Encoder: -138
Scanned profile received successfully with response: 1280
 Encoder: -145
Scanned profile received successfully with response: 1280
 Encoder: -153
Scanned profile received successfully with response: 1280
 Encoder: -161
Scanned profile received successfully with response: 1280
 Encoder: -170
Scanned profile received successfully with response: 1280
 Encoder: -180
Scanned profile received successfully with response: 1280
 Encoder: -189
Scanned profile received successfully with response: 1280
 Encoder: -200
Scanned profile received successfully with response: 1280
 Encoder: -211
Scanned profile received successfully with response: 1280
 Encoder: -221
Scanned profile received successfully with response: 1280
 Encoder: -231
Scanned profile received successfully with response: 1280
 Encoder: -242
Scanned profile received successfully with response: 1280
 Encoder: -254
Scanned profile received successfully with response: 1280
 Encoder: -266
Scanned profile received successfully with response: 1280
 Encoder: -279
Scanned profile received successfully with response: 1280
 Encoder: -290
Scanned profile received successfully with response: 1280
 Encoder: -301
Scanned profile received successfully with response: 1280
 Encoder: -313
Scanned profile received successfully with response: 1280
 Encoder: -325
Scanned profile received successfully with response: 1280
 Encoder: -338
Scanned profile received successfully with response: 1280
 Encoder: -352
Scanned profile received successfully with response: 1280
 Encoder: -366
Scanned profile received successfully with response: 1280
 Encoder: -381
Scanned profile received successfully with response: 1280
 Encoder: -394
Scanned profile received successfully with response: 1280
 Encoder: -407
Scanned profile received successfully with response: 1280
 Encoder: -420
Scanned profile received successfully with response: 1280
 Encoder: -432
Scanned profile received successfully with response: 1280
 Encoder: -446
Scanned profile received successfully with response: 1280
 Encoder: -460
Scanned profile received successfully with response: 1280
 Encoder: -475
Scanned profile received successfully with response: 1280
 Encoder: -490
Scanned profile received successfully with response: 1280
 Encoder: -506
Scanned profile received successfully with response: 1280
 Encoder: -520
Scanned profile received successfully with response: 1280
 Encoder: -535
Scanned profile received successfully with response: 1280
 Encoder: -548
Scanned profile received successfully with response: 1280
 Encoder: -562
Scanned profile received successfully with response: 1280
 Encoder: -576
Scanned profile received successfully with response: 1280
 Encoder: -591
Scanned profile received successfully with response: 1280
 Encoder: -608
Scanned profile received successfully with response: 1280
 Encoder: -625
Scanned profile received successfully with response: 1280
 Encoder: -641
Scanned profile received successfully with response: 1280
 Encoder: -659
Scanned profile received successfully with response: 1280
 Encoder: -674
Scanned profile received successfully with response: 1280
 Encoder: -688
Scanned profile received successfully with response: 1280
 Encoder: -703
Scanned profile received successfully with response: 1280
 Encoder: -717
Scanned profile received successfully with response: 1280
 Encoder: -732
Scanned profile received successfully with response: 1280
 Encoder: -749
Scanned profile received successfully with response: 1280
 Encoder: -768
Scanned profile received successfully with response: 1280
 Encoder: -784
Scanned profile received successfully with response: 1280
 Encoder: -803
Scanned profile received successfully with response: 1280
 Encoder: -821
Scanned profile received successfully with response: 1280
 Encoder: -838
Scanned profile received successfully with response: 1280
 Encoder: -852
Scanned profile received successfully with response: 1280
 Encoder: -868
Scanned profile received successfully with response: 1280
 Encoder: -884
Scanned profile received successfully with response: 1280
 Encoder: -903
Scanned profile received successfully with response: 1280
 Encoder: -924
Scanned profile received successfully with response: 1280
 Encoder: -945
Scanned profile received successfully with response: 1280
 Encoder: -964
Scanned profile received successfully with response: 1280
 Encoder: -982
Scanned profile received successfully with response: 1280
 Encoder: -1001
Scanned profile received successfully with response: 1280
 Encoder: -1019
Scanned profile received successfully with response: 1280
 Encoder: -1037
Scanned profile received successfully with response: 1280
 Encoder: -1055
Scanned profile received successfully with response: 1280
 Encoder: -1075
Scanned profile received successfully with response: 1280
 Encoder: -1095
Scanned profile received successfully with response: 1280
 Encoder: -1116
Scanned profile received successfully with response: 1280
 Encoder: -1137
Scanned profile received successfully with response: 1280
 Encoder: -1156
Scanned profile received successfully with response: 1280
 Encoder: -1175
Scanned profile received successfully with response: 1280
 Encoder: -1194
Scanned profile received successfully with response: 1280
 Encoder: -1213
Scanned profile received successfully with response: 1280
 Encoder: -1233
Scanned profile received successfully with response: 1280
 Encoder: -1253
Scanned profile received successfully with response: 1280
 Encoder: -1273
Scanned profile received successfully with response: 1280
 Encoder: -1294
Scanned profile received successfully with response: 1280
 Encoder: -1313
Scanned profile received successfully with response: 1280
 Encoder: -1332
Scanned profile received successfully with response: 1280
 Encoder: -1351
Scanned profile received successfully with response: 1280
 Encoder: -1371
Scanned profile received successfully with response: 1280
 Encoder: -1390
Scanned profile received successfully with response: 1280
 Encoder: -1409
Scanned profile received successfully with response: 1280
 Encoder: -1429
Scanned profile received successfully with response: 1280
 Encoder: -1450
Scanned profile received successfully with response: 1280
 Encoder: -1470
Scanned profile received successfully with response: 1280
 Encoder: -1488
Scanned profile received successfully with response: 1280
 Encoder: -1506
Scanned profile received successfully with response: 1280
 Encoder: -1524
Scanned profile received successfully with response: 1280
 Encoder: -1543
Scanned profile received successfully with response: 1280
 Encoder: -1563
Scanned profile received successfully with response: 1280
 Encoder: -1582
Scanned profile received successfully with response: 1280
 Encoder: -1602
Scanned profile received successfully with response: 1280
 Encoder: -1621
Scanned profile received successfully with response: 1280
 Encoder: -1639
Scanned profile received successfully with response: 1280
 Encoder: -1656
Scanned profile received successfully with response: 1280
 Encoder: -1672
Scanned profile received successfully with response: 1280
 Encoder: -1688
Scanned profile received successfully with response: 1280
 Encoder: -1704
Scanned profile received successfully with response: 1280
 Encoder: -1722
Scanned profile received successfully with response: 1280
 Encoder: -1740
Scanned profile received successfully with response: 1280
 Encoder: -1759
Scanned profile received successfully with response: 1280
 Encoder: -1777
Scanned profile received successfully with response: 1280
 Encoder: -1794
Scanned profile received successfully with response: 1280
 Encoder: -1809
Scanned profile received successfully with response: 1280
 Encoder: -1825
Scanned profile received successfully with response: 1280
 Encoder: -1842
Scanned profile received successfully with response: 1280
 Encoder: -1859
Scanned profile received successfully with response: 1280
 Encoder: -1877
Scanned profile received successfully with response: 1280
 Encoder: -1894
Scanned profile received successfully with response: 1280
 Encoder: -1912
Scanned profile received successfully with response: 1280
 Encoder: -1928
Scanned profile received successfully with response: 1280
 Encoder: -1943
Scanned profile received successfully with response: 1280
 Encoder: -1958
Scanned profile received successfully with response: 1280
 Encoder: -1973
Scanned profile received successfully with response: 1280
 Encoder: -1988
Scanned profile received successfully with response: 1280
 Encoder: -2006
Scanned profile received successfully with response: 1280
 Encoder: -2024
Scanned profile received successfully with response: 1280
 Encoder: -2042
Scanned profile received successfully with response: 1280
 Encoder: -2059
Scanned profile received successfully with response: 1280
 Encoder: -2076
Scanned profile received successfully with response: 1280
 Encoder: -2093
Scanned profile received successfully with response: 1280
 Encoder: -2108
Scanned profile received successfully with response: 1280
 Encoder: -2125
Scanned profile received successfully with response: 1280
 Encoder: -2142
Scanned profile received successfully with response: 1280
 Encoder: -2158
Scanned profile received successfully with response: 1280
 Encoder: -2175
Scanned profile received successfully with response: 1280
 Encoder: -2192
Scanned profile received successfully with response: 1280
 Encoder: -2209
Scanned profile received successfully with response: 1280
 Encoder: -2225
Scanned profile received successfully with response: 1280
 Encoder: -2243
Scanned profile received successfully with response: 1280
 Encoder: -2259
Scanned profile received successfully with response: 1280
 Encoder: -2279
Scanned profile received successfully with response: 1280
 Encoder: -2294
Scanned profile received successfully with response: 1280
 Encoder: -2315
Scanned profile received successfully with response: 1280
 Encoder: -2333
Scanned profile received successfully with response: 1280
 Encoder: -2352
Scanned profile received successfully with response: 1280
 Encoder: -2370
Scanned profile received successfully with response: 1280
 Encoder: -2390
Scanned profile received successfully with response: 1280
 Encoder: -2408
^C
Interrupted by user. Stopping sensor...
Final PCD saved with 201957 points
Getting connection status...
Sensor is confirmed to be connected.
Sent Write Data command SetAcquisitionStop -> Response: 18 (len(command))
Sent Write Data command SetResetSettings -> Response: 16 (len(command))
